Traceback (most recent call last):
  File "/usr/local/python/3.12.1/lib/python3.12/site-packages/jupyter_cache/executors/utils.py", line 58, in single_nb_execution
    executenb(
  File "/usr/local/python/3.12.1/lib/python3.12/site-packages/nbclient/client.py", line 1305, in execute
    return NotebookClient(nb=nb, resources=resources, km=km, **kwargs).execute()
           ^^^^^^^^^^^^^^^^^^^^^^^^^^^^^^^^^^^^^^^^^^^^^^^^^^^^^^^^^^^^^^^^^^^^^
  File "/home/codespace/.local/lib/python3.12/site-packages/jupyter_core/utils/__init__.py", line 165, in wrapped
    return loop.run_until_complete(inner)
           ^^^^^^^^^^^^^^^^^^^^^^^^^^^^^^
  File "/usr/local/python/3.12.1/lib/python3.12/asyncio/base_events.py", line 684, in run_until_complete
    return future.result()
           ^^^^^^^^^^^^^^^
  File "/usr/local/python/3.12.1/lib/python3.12/site-packages/nbclient/client.py", line 705, in async_execute
    await self.async_execute_cell(
  File "/usr/local/python/3.12.1/lib/python3.12/site-packages/nbclient/client.py", line 1058, in async_execute_cell
    await self._check_raise_for_error(cell, cell_index, exec_reply)
  File "/usr/local/python/3.12.1/lib/python3.12/site-packages/nbclient/client.py", line 914, in _check_raise_for_error
    raise CellExecutionError.from_cell_and_msg(cell, exec_reply_content)
nbclient.exceptions.CellExecutionError: An error occurred while executing the following cell:
------------------
import numpy as np
from sklearn.linear_model import LinearRegression

# Data
x = np.array([2,4,5,3,3,4,5]).reshape(-1,1)
y = np.array([2,3,5,4,3,5,6])

# Membuat model regresi
model = LinearRegression()

# Training model
model.fit(x, y)

# Mengambil koefisien regresi
a = model.coef_[0]
b = model.intercept_

# Output
print("Nilai gradien (a) =", a)
print("Nilai intercept (b) =", b)

print(f"Persamaan regresi: y = {a:.4f}x + {b:.4f}")
------------------


[31m---------------------------------------------------------------------------[39m
[31mModuleNotFoundError[39m                       Traceback (most recent call last)
[36mCell[39m[36m [39m[32mIn[1][39m[32m, line 2[39m
[32m      1[39m [38;5;28;01mimport[39;00m numpy [38;5;28;01mas[39;00m np
[32m----> [39m[32m2[39m [38;5;28;01mfrom[39;00m sklearn.linear_model [38;5;28;01mimport[39;00m LinearRegression
[32m      3[39m 
[32m      4[39m [38;5;66;03m# Data[39;00m
[32m      5[39m x = np.array([[32m2[39m,[32m4[39m,[32m5[39m,[32m3[39m,[32m3[39m,[32m4[39m,[32m5[39m]).reshape(-[32m1[39m,[32m1[39m)

[31mModuleNotFoundError[39m: No module named 'sklearn'

