Traceback (most recent call last):
  File "/usr/local/python/3.12.1/lib/python3.12/site-packages/jupyter_cache/executors/utils.py", line 58, in single_nb_execution
    executenb(
  File "/usr/local/python/3.12.1/lib/python3.12/site-packages/nbclient/client.py", line 1305, in execute
    return NotebookClient(nb=nb, resources=resources, km=km, **kwargs).execute()
           ^^^^^^^^^^^^^^^^^^^^^^^^^^^^^^^^^^^^^^^^^^^^^^^^^^^^^^^^^^^^^^^^^^^^^
  File "/home/codespace/.local/lib/python3.12/site-packages/jupyter_core/utils/__init__.py", line 165, in wrapped
    return loop.run_until_complete(inner)
           ^^^^^^^^^^^^^^^^^^^^^^^^^^^^^^
  File "/usr/local/python/3.12.1/lib/python3.12/asyncio/base_events.py", line 684, in run_until_complete
    return future.result()
           ^^^^^^^^^^^^^^^
  File "/usr/local/python/3.12.1/lib/python3.12/site-packages/nbclient/client.py", line 705, in async_execute
    await self.async_execute_cell(
  File "/usr/local/python/3.12.1/lib/python3.12/site-packages/nbclient/client.py", line 1058, in async_execute_cell
    await self._check_raise_for_error(cell, cell_index, exec_reply)
  File "/usr/local/python/3.12.1/lib/python3.12/site-packages/nbclient/client.py", line 914, in _check_raise_for_error
    raise CellExecutionError.from_cell_and_msg(cell, exec_reply_content)
nbclient.exceptions.CellExecutionError: An error occurred while executing the following cell:
------------------
import pandas as pd
import numpy as np
from sklearn.preprocessing import MinMaxScaler
from sklearn.neighbors import KNeighborsRegressor

# dataset
data = {
    'IPK':[2,3,4,2,3,4,2],
    'PO':[200000,300000,200000,200000,300000,400000,300000],
    'JML':[2,3,2,3,2,3,np.nan]
}

df = pd.DataFrame(data)

# normalisasi
scaler = MinMaxScaler()
df[['IPK','PO']] = scaler.fit_transform(df[['IPK','PO']])

# pisahkan data
train = df[df['JML'].notna()]
test = df[df['JML'].isna()]

X_train = train[['IPK','PO']]
y_train = train['JML']

model = KNeighborsRegressor(n_neighbors=3, weights='distance')
model.fit(X_train, y_train)

prediksi = model.predict(test[['IPK','PO']])

print("Hasil prediksi JML:", prediksi[0])
------------------


[31m---------------------------------------------------------------------------[39m
[31mModuleNotFoundError[39m                       Traceback (most recent call last)
[36mCell[39m[36m [39m[32mIn[1][39m[32m, line 1[39m
[32m----> [39m[32m1[39m [38;5;28;01mimport[39;00m pandas [38;5;28;01mas[39;00m pd
[32m      2[39m [38;5;28;01mimport[39;00m numpy [38;5;28;01mas[39;00m np
[32m      3[39m [38;5;28;01mfrom[39;00m sklearn.preprocessing [38;5;28;01mimport[39;00m MinMaxScaler
[32m      4[39m [38;5;28;01mfrom[39;00m sklearn.neighbors [38;5;28;01mimport[39;00m KNeighborsRegressor

[31mModuleNotFoundError[39m: No module named 'pandas'

